======================================================================
ACTIVE LEARNING WITH REAL SOLUBILITY DATA
======================================================================

[1/5] Loading solubility data from REF-DATA...
[INFO] Loading multiple CSV files from directory: REF-DATA
  Loading: COMMON-solvents-PP-LMW.csv
    Extracted polymer name from filename: PP-LMW
  Loading: COMMON-solvents-EVOH.csv
    Extracted polymer name from filename: EVOH
  Loading: COMMON-solvents-PET.csv
    Extracted polymer name from filename: PET
  Loading: COMMON-solvents-LDPE.csv
    Extracted polymer name from filename: LDPE
  Loading: COMMON-solvents-PVC.csv
    Extracted polymer name from filename: PVC
  Loading: COMMON-solvents-HDPE.csv
    Extracted polymer name from filename: HDPE
  Loading: COMMON-solvents-nylon66.csv
    Extracted polymer name from filename: nylon66
  Loading: COMMON-solvents-PS.csv
  Loading: COMMON-solvents-PC.csv
    Extracted polymer name from filename: PC
[INFO] Loaded 9 files, 8820 total rows
      Data shape: (8820, 4)
      Polymers: 9
      Solvents: 32
      Temperature range: 25.0 - 160.0°C

      Filtering to temperature = 25.0°C...
      Using temperature: 25°C
      Filtered data shape: (315, 4)

[2/5] Computing solubility scores (method='versatility')...
      Score range: [0.00, 0.38]
      Top 3 polymers:
        PS: 0.38
        PVC: 0.34
        PP-LMW: 0.20

[3/5] Building polymer feature database...
      Polymers with features: 9

[4/5] Computing molecular features...
[INFO] PCA: 8 components, 100.0% variance
      Feature matrix: (9, 8)

[5/5] Starting active learning campaign...

--- Initial Random Sampling (2 polymers) ---
  ✓ PS: score = 1.000
  ✓ LDPE: score = 0.042

--- Iteration 1/8 ---
  Top 5 suggestions (UCB):
    1. nylon66 (acq=1.4788, μ=0.521, σ=0.479)
    2. EVOH (acq=1.4788, μ=0.521, σ=0.479)
    3. PET (acq=1.4788, μ=0.521, σ=0.479)
    4. PC (acq=1.4788, μ=0.521, σ=0.479)
    5. PVC (acq=1.4788, μ=0.521, σ=0.479)
  ✓ Tested: nylon66 → score = 0.047
  Current best: PS (1.000)

--- Iteration 2/8 ---
  Top 5 suggestions (UCB):
    1. EVOH (acq=1.2638, μ=0.363, σ=0.450)
    2. PET (acq=1.2638, μ=0.363, σ=0.450)
    3. PC (acq=1.2638, μ=0.363, σ=0.450)
    4. PVC (acq=1.2638, μ=0.363, σ=0.450)
    5. PP-LMW (acq=1.2638, μ=0.363, σ=0.450)
  ✓ Tested: EVOH → score = 0.287
  Current best: PS (1.000)
[OK] Saved: al_sweep_results/temp_25C/method_versatility/acq_ucb/temp25_ucb_versatility/results/gp_predictions_iter02.png

--- Iteration 3/8 ---
  Top 5 suggestions (UCB):
    1. PC (acq=1.1266, μ=0.344, σ=0.391)
    2. PET (acq=1.1266, μ=0.344, σ=0.391)
    3. PVC (acq=1.1015, μ=0.322, σ=0.390)
    4. PP-LMW (acq=1.0756, μ=0.303, σ=0.386)
    5. HDPE (acq=0.0459, μ=0.042, σ=0.002)
  ✓ Tested: PC → score = 0.382
  Current best: PS (1.000)

--- Iteration 4/8 ---
  Top 5 suggestions (UCB):
    1. PET (acq=1.0520, μ=0.352, σ=0.350)
    2. PVC (acq=1.0270, μ=0.329, σ=0.349)
    3. PP-LMW (acq=1.0017, μ=0.310, σ=0.346)
    4. HDPE (acq=0.0455, μ=0.042, σ=0.002)
  ✓ Tested: PET → score = 0.029
  Current best: PS (1.000)
[OK] Saved: al_sweep_results/temp_25C/method_versatility/acq_ucb/temp25_ucb_versatility/results/gp_predictions_iter04.png

--- Iteration 5/8 ---
  Top 5 suggestions (UCB):
    1. PVC (acq=0.9783, μ=0.295, σ=0.342)
    2. PP-LMW (acq=0.9731, μ=0.290, σ=0.342)
    3. HDPE (acq=0.0476, μ=0.042, σ=0.003)
  ✓ Tested: PVC → score = 0.915
  Current best: PS (1.000)

--- Iteration 6/8 ---
  Top 5 suggestions (UCB):
    1. PP-LMW (acq=1.1521, μ=0.386, σ=0.383)
    2. HDPE (acq=0.0631, μ=0.042, σ=0.010)
  ✓ Tested: PP-LMW → score = 0.529
  Current best: PS (1.000)
[OK] Saved: al_sweep_results/temp_25C/method_versatility/acq_ucb/temp25_ucb_versatility/results/gp_predictions_iter06.png

--- Iteration 7/8 ---
  Top 5 suggestions (UCB):
    1. HDPE (acq=0.8862, μ=0.241, σ=0.323)
  ✓ Tested: HDPE → score = 0.000
  Current best: PS (1.000)

--- Iteration 8/8 ---
[WARN] All polymers have been tested!
  All polymers tested!

======================================================================
CAMPAIGN COMPLETE
======================================================================
Best found: PS (1.000)
True best:  PS (1.000)
Efficiency: Found rank 1 / 9
[OK] Saved: al_sweep_results/temp_25C/method_versatility/acq_ucb/temp25_ucb_versatility/results/learning_curve.png

Done! Check 'al_sweep_results/temp_25C/method_versatility/acq_ucb/temp25_ucb_versatility/results/' for results.
