======================================================================
ACTIVE LEARNING WITH REAL SOLUBILITY DATA
======================================================================

[1/5] Loading solubility data from REF-DATA...
[INFO] Loading multiple CSV files from directory: REF-DATA
  Loading: COMMON-solvents-PP-LMW.csv
    Extracted polymer name from filename: PP-LMW
  Loading: COMMON-solvents-EVOH.csv
    Extracted polymer name from filename: EVOH
  Loading: COMMON-solvents-PET.csv
    Extracted polymer name from filename: PET
  Loading: COMMON-solvents-LDPE.csv
    Extracted polymer name from filename: LDPE
  Loading: COMMON-solvents-PVC.csv
    Extracted polymer name from filename: PVC
  Loading: COMMON-solvents-HDPE.csv
    Extracted polymer name from filename: HDPE
  Loading: COMMON-solvents-nylon66.csv
    Extracted polymer name from filename: nylon66
  Loading: COMMON-solvents-PS.csv
  Loading: COMMON-solvents-PC.csv
    Extracted polymer name from filename: PC
[INFO] Loaded 9 files, 8820 total rows
      Data shape: (8820, 4)
      Polymers: 9
      Solvents: 32
      Temperature range: 25.0 - 160.0°C

      Filtering to temperature = 25.0°C...
      Using temperature: 25°C
      Filtered data shape: (315, 4)

[2/5] Computing solubility scores (method='specific')...
      Score range: [0.00, 0.15]
      Top 3 polymers:
        PVC: 0.15
        PP-LMW: 0.14
        PS: 0.02

[3/5] Building polymer feature database...
      Polymers with features: 9

[4/5] Computing molecular features...
[INFO] PCA: 8 components, 100.0% variance
      Feature matrix: (9, 8)

[5/5] Starting active learning campaign...

--- Initial Random Sampling (2 polymers) ---
  ✓ PVC: score = 1.000
  ✓ HDPE: score = 0.000

--- Iteration 1/8 ---
  Top 5 suggestions (EI):
    1. nylon66 (acq=0.0401, μ=0.500, σ=0.500)
    2. EVOH (acq=0.0401, μ=0.500, σ=0.500)
    3. PET (acq=0.0401, μ=0.500, σ=0.500)
    4. PC (acq=0.0401, μ=0.500, σ=0.500)
    5. PS (acq=0.0401, μ=0.500, σ=0.500)
  ✓ Tested: nylon66 → score = 0.053
  Current best: PVC (1.000)

--- Iteration 2/8 ---
  Top 5 suggestions (EI):
    1. EVOH (acq=0.0156, μ=0.351, σ=0.459)
    2. PET (acq=0.0156, μ=0.351, σ=0.459)
    3. PC (acq=0.0156, μ=0.351, σ=0.459)
    4. PS (acq=0.0156, μ=0.351, σ=0.459)
    5. PP-LMW (acq=0.0156, μ=0.351, σ=0.459)
  ✓ Tested: EVOH → score = 0.047
  Current best: PVC (1.000)
[OK] Saved: al_sweep_results/temp_25C/method_specific/acq_ei/temp25_ei_specific_2-propanol/results/gp_predictions_iter02.png

--- Iteration 3/8 ---
  Top 5 suggestions (EI):
    1. PET (acq=0.0067, μ=0.275, σ=0.419)
    2. PC (acq=0.0067, μ=0.275, σ=0.419)
    3. PS (acq=0.0067, μ=0.275, σ=0.419)
    4. PP-LMW (acq=0.0067, μ=0.275, σ=0.419)
    5. LDPE (acq=0.0000, μ=0.001, σ=0.015)
  ✓ Tested: PET → score = 0.000
  Current best: PVC (1.000)

--- Iteration 4/8 ---
  Top 5 suggestions (EI):
    1. PC (acq=0.0031, μ=0.220, σ=0.391)
    2. PS (acq=0.0031, μ=0.220, σ=0.391)
    3. PP-LMW (acq=0.0031, μ=0.220, σ=0.391)
    4. LDPE (acq=0.0023, μ=0.186, σ=0.386)
  ✓ Tested: PC → score = 0.001
  Current best: PVC (1.000)
[OK] Saved: al_sweep_results/temp_25C/method_specific/acq_ei/temp25_ei_specific_2-propanol/results/gp_predictions_iter04.png

--- Iteration 5/8 ---
  Top 5 suggestions (EI):
    1. PS (acq=0.0015, μ=0.183, σ=0.366)
    2. PP-LMW (acq=0.0015, μ=0.183, σ=0.366)
    3. LDPE (acq=0.0000, μ=0.001, σ=0.018)
  ✓ Tested: PS → score = 0.139
  Current best: PVC (1.000)

--- Iteration 6/8 ---
  Top 5 suggestions (EI):
    1. PP-LMW (acq=0.0008, μ=0.177, σ=0.339)
    2. LDPE (acq=0.0008, μ=0.175, σ=0.339)
  ✓ Tested: PP-LMW → score = 0.949
  Current best: PVC (1.000)
[OK] Saved: al_sweep_results/temp_25C/method_specific/acq_ei/temp25_ei_specific_2-propanol/results/gp_predictions_iter06.png

--- Iteration 7/8 ---
  Top 5 suggestions (EI):
    1. LDPE (acq=0.0011, μ=0.150, σ=0.364)
  ✓ Tested: LDPE → score = 0.123
  Current best: PVC (1.000)

--- Iteration 8/8 ---
[WARN] All polymers have been tested!
  All polymers tested!

======================================================================
CAMPAIGN COMPLETE
======================================================================
Best found: PVC (1.000)
True best:  PVC (1.000)
Efficiency: Found rank 1 / 9
[OK] Saved: al_sweep_results/temp_25C/method_specific/acq_ei/temp25_ei_specific_2-propanol/results/learning_curve.png

Done! Check 'al_sweep_results/temp_25C/method_specific/acq_ei/temp25_ei_specific_2-propanol/results/' for results.
