======================================================================
ACTIVE LEARNING WITH REAL SOLUBILITY DATA
======================================================================

[1/5] Loading solubility data from REF-DATA...
[INFO] Loading multiple CSV files from directory: REF-DATA
  Loading: COMMON-solvents-PP-LMW.csv
    Extracted polymer name from filename: PP-LMW
  Loading: COMMON-solvents-EVOH.csv
    Extracted polymer name from filename: EVOH
  Loading: COMMON-solvents-PET.csv
    Extracted polymer name from filename: PET
  Loading: COMMON-solvents-LDPE.csv
    Extracted polymer name from filename: LDPE
  Loading: COMMON-solvents-PVC.csv
    Extracted polymer name from filename: PVC
  Loading: COMMON-solvents-HDPE.csv
    Extracted polymer name from filename: HDPE
  Loading: COMMON-solvents-nylon66.csv
    Extracted polymer name from filename: nylon66
  Loading: COMMON-solvents-PS.csv
  Loading: COMMON-solvents-PC.csv
    Extracted polymer name from filename: PC
[INFO] Loaded 9 files, 8820 total rows
      Data shape: (8820, 4)
      Polymers: 9
      Solvents: 32
      Temperature range: 25.0 - 160.0°C

      Filtering to temperature = 160.0°C...
      Using temperature: 160°C
      Filtered data shape: (315, 4)

[2/5] Computing solubility scores (method='versatility')...
      Score range: [1.28, 3.36]
      Top 3 polymers:
        LDPE: 3.36
        HDPE: 3.36
        PS: 2.91

[3/5] Building polymer feature database...
      Polymers with features: 9

[4/5] Computing molecular features...
[INFO] PCA: 8 components, 100.0% variance
      Feature matrix: (9, 8)

[5/5] Starting active learning campaign...

--- Initial Random Sampling (2 polymers) ---
  ✓ LDPE: score = 1.000
  ✓ nylon66: score = 0.000

--- Iteration 1/8 ---
  Top 5 suggestions (EI):
    1. EVOH (acq=0.0401, μ=0.500, σ=0.500)
    2. PET (acq=0.0401, μ=0.500, σ=0.500)
    3. PC (acq=0.0401, μ=0.500, σ=0.500)
    4. PVC (acq=0.0401, μ=0.500, σ=0.500)
    5. PS (acq=0.0401, μ=0.500, σ=0.500)
  ✓ Tested: EVOH → score = 0.739
  Current best: LDPE (1.000)

--- Iteration 2/8 ---
  Top 5 suggestions (EI):
    1. PVC (acq=0.0501, μ=0.772, σ=0.345)
    2. PP-LMW (acq=0.0496, μ=0.815, σ=0.309)
    3. PS (acq=0.0452, μ=0.658, σ=0.413)
    4. PET (acq=0.0372, μ=0.596, σ=0.425)
    5. PC (acq=0.0366, μ=0.590, σ=0.426)
  ✓ Tested: PVC → score = 0.667
  Current best: LDPE (1.000)
[OK] Saved: al_sweep_results/temp_160C/method_versatility/acq_ei/temp160_ei_versatility/results/gp_predictions_iter02.png

--- Iteration 3/8 ---
  Top 5 suggestions (EI):
    1. PS (acq=0.0382, μ=0.685, σ=0.368)
    2. PC (acq=0.0344, μ=0.619, σ=0.399)
    3. PET (acq=0.0327, μ=0.616, σ=0.394)
    4. PP-LMW (acq=0.0249, μ=0.802, σ=0.237)
    5. HDPE (acq=0.0000, μ=1.000, σ=0.002)
  ✓ Tested: PS → score = 0.783
  Current best: LDPE (1.000)

--- Iteration 4/8 ---
  Top 5 suggestions (EI):
    1. PC (acq=0.0348, μ=0.657, σ=0.375)
    2. PET (acq=0.0313, μ=0.648, σ=0.367)
    3. PP-LMW (acq=0.0186, μ=0.812, σ=0.206)
    4. HDPE (acq=0.0000, μ=1.000, σ=0.002)
  ✓ Tested: PC → score = 0.411
  Current best: LDPE (1.000)
[OK] Saved: al_sweep_results/temp_160C/method_versatility/acq_ei/temp160_ei_versatility/results/gp_predictions_iter04.png

--- Iteration 5/8 ---
  Top 5 suggestions (EI):
    1. PP-LMW (acq=0.0192, μ=0.801, σ=0.216)
    2. PET (acq=0.0177, μ=0.615, σ=0.325)
    3. HDPE (acq=0.0000, μ=1.000, σ=0.001)
  ✓ Tested: PP-LMW → score = 0.703
  Current best: LDPE (1.000)

--- Iteration 6/8 ---
  Top 5 suggestions (EI):
    1. PET (acq=0.0182, μ=0.625, σ=0.322)
    2. HDPE (acq=0.0000, μ=1.000, σ=0.001)
  ✓ Tested: PET → score = 0.192
  Current best: LDPE (1.000)
[OK] Saved: al_sweep_results/temp_160C/method_versatility/acq_ei/temp160_ei_versatility/results/gp_predictions_iter06.png

--- Iteration 7/8 ---
  Top 5 suggestions (EI):
    1. HDPE (acq=0.0000, μ=1.000, σ=0.001)
  ✓ Tested: HDPE → score = 1.000
  Current best: LDPE (1.000)

--- Iteration 8/8 ---
[WARN] All polymers have been tested!
  All polymers tested!

======================================================================
CAMPAIGN COMPLETE
======================================================================
Best found: LDPE (1.000)
True best:  LDPE (1.000)
Efficiency: Found rank 1 / 9
[OK] Saved: al_sweep_results/temp_160C/method_versatility/acq_ei/temp160_ei_versatility/results/learning_curve.png

Done! Check 'al_sweep_results/temp_160C/method_versatility/acq_ei/temp160_ei_versatility/results/' for results.
