======================================================================
ACTIVE LEARNING WITH REAL SOLUBILITY DATA
======================================================================

[1/5] Loading solubility data from REF-DATA...
[INFO] Loading multiple CSV files from directory: REF-DATA
  Loading: COMMON-solvents-PP-LMW.csv
    Extracted polymer name from filename: PP-LMW
  Loading: COMMON-solvents-EVOH.csv
    Extracted polymer name from filename: EVOH
  Loading: COMMON-solvents-PET.csv
    Extracted polymer name from filename: PET
  Loading: COMMON-solvents-LDPE.csv
    Extracted polymer name from filename: LDPE
  Loading: COMMON-solvents-PVC.csv
    Extracted polymer name from filename: PVC
  Loading: COMMON-solvents-HDPE.csv
    Extracted polymer name from filename: HDPE
  Loading: COMMON-solvents-nylon66.csv
    Extracted polymer name from filename: nylon66
  Loading: COMMON-solvents-PS.csv
  Loading: COMMON-solvents-PC.csv
    Extracted polymer name from filename: PC
[INFO] Loaded 9 files, 8820 total rows
      Data shape: (8820, 4)
      Polymers: 9
      Solvents: 32
      Temperature range: 25.0 - 160.0°C

      Filtering to temperature = 25.0°C...
      Using temperature: 25°C
      Filtered data shape: (315, 4)

[2/5] Computing solubility scores (method='specific')...
      Score range: [0.00, 0.15]
      Top 3 polymers:
        PVC: 0.15
        PP-LMW: 0.13
        PS: 0.02

[3/5] Building polymer feature database...
      Polymers with features: 9

[4/5] Computing molecular features...
[INFO] PCA: 8 components, 100.0% variance
      Feature matrix: (9, 8)

[5/5] Starting active learning campaign...

--- Initial Random Sampling (2 polymers) ---
  ✓ PVC: score = 1.000
  ✓ PET: score = 0.000

--- Iteration 1/8 ---
  Top 5 suggestions (EI):
    1. nylon66 (acq=0.0401, μ=0.500, σ=0.500)
    2. EVOH (acq=0.0401, μ=0.500, σ=0.500)
    3. PC (acq=0.0401, μ=0.500, σ=0.500)
    4. PS (acq=0.0401, μ=0.500, σ=0.500)
    5. PP-LMW (acq=0.0401, μ=0.500, σ=0.500)
  ✓ Tested: nylon66 → score = 0.073
  Current best: PVC (1.000)

--- Iteration 2/8 ---
  Top 5 suggestions (EI):
    1. EVOH (acq=0.0155, μ=0.358, σ=0.455)
    2. PC (acq=0.0155, μ=0.358, σ=0.455)
    3. PS (acq=0.0155, μ=0.358, σ=0.455)
    4. PP-LMW (acq=0.0155, μ=0.358, σ=0.455)
    5. LDPE (acq=0.0155, μ=0.358, σ=0.455)
  ✓ Tested: EVOH → score = 0.048
  Current best: PVC (1.000)
[OK] Saved: al_sweep_results/temp_25C/method_specific/acq_ei/temp25_ei_specific_propanol/results/gp_predictions_iter02.png

--- Iteration 3/8 ---
  Top 5 suggestions (EI):
    1. PC (acq=0.0067, μ=0.280, σ=0.416)
    2. PS (acq=0.0067, μ=0.280, σ=0.416)
    3. PP-LMW (acq=0.0067, μ=0.280, σ=0.416)
    4. LDPE (acq=0.0067, μ=0.280, σ=0.416)
    5. HDPE (acq=0.0067, μ=0.280, σ=0.416)
  ✓ Tested: PC → score = 0.001
  Current best: PVC (1.000)

--- Iteration 4/8 ---
  Top 5 suggestions (EI):
    1. PS (acq=0.0031, μ=0.224, σ=0.389)
    2. PP-LMW (acq=0.0031, μ=0.224, σ=0.389)
    3. LDPE (acq=0.0031, μ=0.224, σ=0.389)
    4. HDPE (acq=0.0031, μ=0.224, σ=0.389)
  ✓ Tested: PS → score = 0.129
  Current best: PVC (1.000)
[OK] Saved: al_sweep_results/temp_25C/method_specific/acq_ei/temp25_ei_specific_propanol/results/gp_predictions_iter04.png

--- Iteration 5/8 ---
  Top 5 suggestions (EI):
    1. PP-LMW (acq=0.0015, μ=0.208, σ=0.357)
    2. LDPE (acq=0.0015, μ=0.208, σ=0.357)
    3. HDPE (acq=0.0015, μ=0.208, σ=0.357)
  ✓ Tested: PP-LMW → score = 0.900
  Current best: PVC (1.000)

--- Iteration 6/8 ---
  Top 5 suggestions (EI):
    1. LDPE (acq=0.0126, μ=0.424, σ=0.399)
    2. HDPE (acq=0.0126, μ=0.424, σ=0.399)
  ✓ Tested: LDPE → score = 0.121
  Current best: PVC (1.000)
[OK] Saved: al_sweep_results/temp_25C/method_specific/acq_ei/temp25_ei_specific_propanol/results/gp_predictions_iter06.png

--- Iteration 7/8 ---
  Top 5 suggestions (EI):
    1. HDPE (acq=0.0012, μ=0.210, σ=0.346)
  ✓ Tested: HDPE → score = 0.000
  Current best: PVC (1.000)

--- Iteration 8/8 ---
[WARN] All polymers have been tested!
  All polymers tested!

======================================================================
CAMPAIGN COMPLETE
======================================================================
Best found: PVC (1.000)
True best:  PVC (1.000)
Efficiency: Found rank 1 / 9
[OK] Saved: al_sweep_results/temp_25C/method_specific/acq_ei/temp25_ei_specific_propanol/results/learning_curve.png

Done! Check 'al_sweep_results/temp_25C/method_specific/acq_ei/temp25_ei_specific_propanol/results/' for results.
