======================================================================
ACTIVE LEARNING WITH REAL SOLUBILITY DATA
======================================================================

[1/5] Loading solubility data from REF-DATA...
[INFO] Loading multiple CSV files from directory: REF-DATA
  Loading: COMMON-solvents-PP-LMW.csv
    Extracted polymer name from filename: PP-LMW
  Loading: COMMON-solvents-EVOH.csv
    Extracted polymer name from filename: EVOH
  Loading: COMMON-solvents-PET.csv
    Extracted polymer name from filename: PET
  Loading: COMMON-solvents-LDPE.csv
    Extracted polymer name from filename: LDPE
  Loading: COMMON-solvents-PVC.csv
    Extracted polymer name from filename: PVC
  Loading: COMMON-solvents-HDPE.csv
    Extracted polymer name from filename: HDPE
  Loading: COMMON-solvents-nylon66.csv
    Extracted polymer name from filename: nylon66
  Loading: COMMON-solvents-PS.csv
  Loading: COMMON-solvents-PC.csv
    Extracted polymer name from filename: PC
[INFO] Loaded 9 files, 8820 total rows
      Data shape: (8820, 4)
      Polymers: 9
      Solvents: 32
      Temperature range: 25.0 - 160.0°C

      Filtering to temperature = 25.0°C...
      Using temperature: 25°C
      Filtered data shape: (315, 4)

[2/5] Computing solubility scores (method='count')...
      Score range: [0.00, 8.00]
      Top 3 polymers:
        PS: 8.00
        PVC: 6.00
        EVOH: 2.00

[3/5] Building polymer feature database...
      Polymers with features: 9

[4/5] Computing molecular features...
[INFO] PCA: 8 components, 100.0% variance
      Feature matrix: (9, 8)

[5/5] Starting active learning campaign...

--- Initial Random Sampling (2 polymers) ---
  ✓ PC: score = 0.000
  ✓ PS: score = 1.000

--- Iteration 1/8 ---
  Top 5 suggestions (EI):
    1. nylon66 (acq=0.0401, μ=0.500, σ=0.500)
    2. EVOH (acq=0.0401, μ=0.500, σ=0.500)
    3. PET (acq=0.0401, μ=0.500, σ=0.500)
    4. PVC (acq=0.0401, μ=0.500, σ=0.500)
    5. PP-LMW (acq=0.0401, μ=0.500, σ=0.500)
  ✓ Tested: nylon66 → score = 0.000
  Current best: PS (1.000)

--- Iteration 2/8 ---
  Top 5 suggestions (EI):
    1. EVOH (acq=0.0160, μ=0.333, σ=0.471)
    2. PET (acq=0.0160, μ=0.333, σ=0.471)
    3. PVC (acq=0.0160, μ=0.333, σ=0.471)
    4. PP-LMW (acq=0.0160, μ=0.333, σ=0.471)
    5. LDPE (acq=0.0160, μ=0.333, σ=0.471)
  ✓ Tested: EVOH → score = 0.250
  Current best: PS (1.000)
[OK] Saved: al_sweep_results/temp_25C/method_count/acq_ei/temp25_ei_count_thresh5/results/gp_predictions_iter02.png

--- Iteration 3/8 ---
  Top 5 suggestions (EI):
    1. PET (acq=0.0075, μ=0.312, σ=0.410)
    2. PVC (acq=0.0075, μ=0.312, σ=0.410)
    3. PP-LMW (acq=0.0075, μ=0.312, σ=0.410)
    4. LDPE (acq=0.0075, μ=0.312, σ=0.410)
    5. HDPE (acq=0.0075, μ=0.312, σ=0.410)
  ✓ Tested: PET → score = 0.000
  Current best: PS (1.000)

--- Iteration 4/8 ---
  Top 5 suggestions (EI):
    1. PVC (acq=0.0036, μ=0.250, σ=0.387)
    2. PP-LMW (acq=0.0036, μ=0.250, σ=0.387)
    3. LDPE (acq=0.0036, μ=0.250, σ=0.387)
    4. HDPE (acq=0.0036, μ=0.250, σ=0.387)
  ✓ Tested: PVC → score = 0.750
  Current best: PS (1.000)
[OK] Saved: al_sweep_results/temp_25C/method_count/acq_ei/temp25_ei_count_thresh5/results/gp_predictions_iter04.png

--- Iteration 5/8 ---
  Top 5 suggestions (EI):
    1. PP-LMW (acq=0.0074, μ=0.334, σ=0.400)
    2. LDPE (acq=0.0074, μ=0.334, σ=0.400)
    3. HDPE (acq=0.0074, μ=0.334, σ=0.400)
  ✓ Tested: PP-LMW → score = 0.000
  Current best: PS (1.000)

--- Iteration 6/8 ---
  Top 5 suggestions (EI):
    1. LDPE (acq=0.0047, μ=0.286, σ=0.388)
    2. HDPE (acq=0.0047, μ=0.286, σ=0.388)
  ✓ Tested: LDPE → score = 0.000
  Current best: PS (1.000)
[OK] Saved: al_sweep_results/temp_25C/method_count/acq_ei/temp25_ei_count_thresh5/results/gp_predictions_iter06.png

--- Iteration 7/8 ---
  Top 5 suggestions (EI):
    1. HDPE (acq=0.0000, μ=0.000, σ=0.002)
  ✓ Tested: HDPE → score = 0.000
  Current best: PS (1.000)

--- Iteration 8/8 ---
[WARN] All polymers have been tested!
  All polymers tested!

======================================================================
CAMPAIGN COMPLETE
======================================================================
Best found: PS (1.000)
True best:  PS (1.000)
Efficiency: Found rank 1 / 9
[OK] Saved: al_sweep_results/temp_25C/method_count/acq_ei/temp25_ei_count_thresh5/results/learning_curve.png

Done! Check 'al_sweep_results/temp_25C/method_count/acq_ei/temp25_ei_count_thresh5/results/' for results.
