======================================================================
ACTIVE LEARNING WITH REAL SOLUBILITY DATA
======================================================================

[1/5] Loading solubility data from REF-DATA...
[INFO] Loading multiple CSV files from directory: REF-DATA
  Loading: COMMON-solvents-PP-LMW.csv
    Extracted polymer name from filename: PP-LMW
  Loading: COMMON-solvents-EVOH.csv
    Extracted polymer name from filename: EVOH
  Loading: COMMON-solvents-PET.csv
    Extracted polymer name from filename: PET
  Loading: COMMON-solvents-LDPE.csv
    Extracted polymer name from filename: LDPE
  Loading: COMMON-solvents-PVC.csv
    Extracted polymer name from filename: PVC
  Loading: COMMON-solvents-HDPE.csv
    Extracted polymer name from filename: HDPE
  Loading: COMMON-solvents-nylon66.csv
    Extracted polymer name from filename: nylon66
  Loading: COMMON-solvents-PS.csv
  Loading: COMMON-solvents-PC.csv
    Extracted polymer name from filename: PC
[INFO] Loaded 9 files, 8820 total rows
      Data shape: (8820, 4)
      Polymers: 9
      Solvents: 32
      Temperature range: 25.0 - 160.0°C

      Filtering to temperature = 25.0°C...
      Using temperature: 25°C
      Filtered data shape: (315, 4)

[2/5] Computing solubility scores (method='versatility')...
      Score range: [0.00, 0.38]
      Top 3 polymers:
        PS: 0.38
        PVC: 0.34
        PP-LMW: 0.20

[3/5] Building polymer feature database...
      Polymers with features: 9

[4/5] Computing molecular features...
[INFO] PCA: 8 components, 100.0% variance
      Feature matrix: (9, 8)

[5/5] Starting active learning campaign...

--- Initial Random Sampling (2 polymers) ---
  ✓ PS: score = 1.000
  ✓ PVC: score = 0.915

--- Iteration 1/8 ---
  Top 5 suggestions (PI):
    1. nylon66 (acq=0.1083, μ=0.958, σ=0.042)
    2. EVOH (acq=0.1083, μ=0.958, σ=0.042)
    3. PET (acq=0.1083, μ=0.958, σ=0.042)
    4. PC (acq=0.1083, μ=0.958, σ=0.042)
    5. PP-LMW (acq=0.1083, μ=0.958, σ=0.042)
  ✓ Tested: nylon66 → score = 0.047
  Current best: PS (1.000)

--- Iteration 2/8 ---
  Top 5 suggestions (PI):
    1. PP-LMW (acq=0.2965, μ=0.820, σ=0.356)
    2. LDPE (acq=0.2893, μ=0.807, σ=0.366)
    3. HDPE (acq=0.2893, μ=0.807, σ=0.366)
    4. EVOH (acq=0.2829, μ=0.794, σ=0.377)
    5. PET (acq=0.2135, μ=0.671, σ=0.427)
  ✓ Tested: PP-LMW → score = 0.529
  Current best: PS (1.000)
[OK] Saved: al_sweep_results/temp_25C/method_versatility/acq_pi/temp25_pi_versatility/results/gp_predictions_iter02.png

--- Iteration 3/8 ---
  Top 5 suggestions (PI):
    1. EVOH (acq=0.1520, μ=0.623, σ=0.377)
    2. PET (acq=0.1520, μ=0.623, σ=0.377)
    3. PC (acq=0.1520, μ=0.623, σ=0.377)
    4. LDPE (acq=0.1520, μ=0.623, σ=0.377)
    5. HDPE (acq=0.1520, μ=0.623, σ=0.377)
  ✓ Tested: EVOH → score = 0.287
  Current best: PS (1.000)

--- Iteration 4/8 ---
  Top 5 suggestions (PI):
    1. PET (acq=0.1052, μ=0.556, σ=0.363)
    2. PC (acq=0.1052, μ=0.556, σ=0.363)
    3. LDPE (acq=0.1052, μ=0.556, σ=0.363)
    4. HDPE (acq=0.1052, μ=0.556, σ=0.363)
  ✓ Tested: PET → score = 0.029
  Current best: PS (1.000)
[OK] Saved: al_sweep_results/temp_25C/method_versatility/acq_pi/temp25_pi_versatility/results/gp_predictions_iter04.png

--- Iteration 5/8 ---
  Top 5 suggestions (PI):
    1. LDPE (acq=0.0795, μ=0.468, σ=0.385)
    2. HDPE (acq=0.0795, μ=0.468, σ=0.385)
    3. PC (acq=0.0795, μ=0.468, σ=0.385)
  ✓ Tested: LDPE → score = 0.042
  Current best: PS (1.000)

--- Iteration 6/8 ---
  Top 5 suggestions (PI):
    1. PC (acq=0.0593, μ=0.407, σ=0.386)
    2. HDPE (acq=0.0000, μ=0.042, σ=0.010)
  ✓ Tested: PC → score = 0.382
  Current best: PS (1.000)
[OK] Saved: al_sweep_results/temp_25C/method_versatility/acq_pi/temp25_pi_versatility/results/gp_predictions_iter06.png

--- Iteration 7/8 ---
  Top 5 suggestions (PI):
    1. HDPE (acq=0.0086, μ=0.241, σ=0.323)
  ✓ Tested: HDPE → score = 0.000
  Current best: PS (1.000)

--- Iteration 8/8 ---
[WARN] All polymers have been tested!
  All polymers tested!

======================================================================
CAMPAIGN COMPLETE
======================================================================
Best found: PS (1.000)
True best:  PS (1.000)
Efficiency: Found rank 1 / 9
[OK] Saved: al_sweep_results/temp_25C/method_versatility/acq_pi/temp25_pi_versatility/results/learning_curve.png

Done! Check 'al_sweep_results/temp_25C/method_versatility/acq_pi/temp25_pi_versatility/results/' for results.
