======================================================================
ACTIVE LEARNING WITH REAL SOLUBILITY DATA
======================================================================

[1/5] Loading solubility data from REF-DATA...
[INFO] Loading multiple CSV files from directory: REF-DATA
  Loading: COMMON-solvents-PP-LMW.csv
    Extracted polymer name from filename: PP-LMW
  Loading: COMMON-solvents-EVOH.csv
    Extracted polymer name from filename: EVOH
  Loading: COMMON-solvents-PET.csv
    Extracted polymer name from filename: PET
  Loading: COMMON-solvents-LDPE.csv
    Extracted polymer name from filename: LDPE
  Loading: COMMON-solvents-PVC.csv
    Extracted polymer name from filename: PVC
  Loading: COMMON-solvents-HDPE.csv
    Extracted polymer name from filename: HDPE
  Loading: COMMON-solvents-nylon66.csv
    Extracted polymer name from filename: nylon66
  Loading: COMMON-solvents-PS.csv
  Loading: COMMON-solvents-PC.csv
    Extracted polymer name from filename: PC
[INFO] Loaded 9 files, 8820 total rows
      Data shape: (8820, 4)
      Polymers: 9
      Solvents: 32
      Temperature range: 25.0 - 160.0°C

      Filtering to temperature = 25.0°C...
      Using temperature: 25°C
      Filtered data shape: (315, 4)

[2/5] Computing solubility scores (method='versatility')...
      Score range: [0.00, 0.38]
      Top 3 polymers:
        PS: 0.38
        PVC: 0.34
        PP-LMW: 0.20

[3/5] Building polymer feature database...
      Polymers with features: 9

[4/5] Computing molecular features...
[INFO] PCA: 8 components, 100.0% variance
      Feature matrix: (9, 8)

[5/5] Starting active learning campaign...

--- Initial Random Sampling (2 polymers) ---
  ✓ PET: score = 0.029
  ✓ PVC: score = 0.915

--- Iteration 1/5 ---
  Top 5 suggestions (EI):
    1. nylon66 (acq=0.0354, μ=0.472, σ=0.443)
    2. EVOH (acq=0.0354, μ=0.472, σ=0.443)
    3. PC (acq=0.0354, μ=0.472, σ=0.443)
    4. PS (acq=0.0354, μ=0.472, σ=0.443)
    5. PP-LMW (acq=0.0354, μ=0.472, σ=0.443)
  ✓ Tested: nylon66 → score = 0.047
  Current best: PVC (0.915)

--- Iteration 2/5 ---
  Top 5 suggestions (EI):
    1. EVOH (acq=0.0139, μ=0.330, σ=0.413)
    2. PC (acq=0.0139, μ=0.330, σ=0.413)
    3. PS (acq=0.0139, μ=0.330, σ=0.413)
    4. PP-LMW (acq=0.0139, μ=0.330, σ=0.413)
    5. LDPE (acq=0.0139, μ=0.330, σ=0.413)
  ✓ Tested: EVOH → score = 0.287
  Current best: PVC (0.915)
[OK] Saved: al_sweep_results/temp_25C/method_versatility/acq_ei/temp25_ei_versatility_iter5/results/gp_predictions_iter02.png

--- Iteration 3/5 ---
  Top 5 suggestions (EI):
    1. PC (acq=0.0067, μ=0.319, σ=0.359)
    2. PS (acq=0.0067, μ=0.319, σ=0.359)
    3. PP-LMW (acq=0.0067, μ=0.319, σ=0.359)
    4. LDPE (acq=0.0067, μ=0.319, σ=0.359)
    5. HDPE (acq=0.0067, μ=0.319, σ=0.359)
  ✓ Tested: PC → score = 0.382
  Current best: PVC (0.915)

--- Iteration 4/5 ---
  Top 5 suggestions (EI):
    1. PS (acq=0.0041, μ=0.332, σ=0.322)
    2. PP-LMW (acq=0.0041, μ=0.332, σ=0.322)
    3. LDPE (acq=0.0041, μ=0.332, σ=0.322)
    4. HDPE (acq=0.0041, μ=0.332, σ=0.322)
  ✓ Tested: PS → score = 1.000
  Current best: PS (1.000)
[OK] Saved: al_sweep_results/temp_25C/method_versatility/acq_ei/temp25_ei_versatility_iter5/results/gp_predictions_iter04.png

--- Iteration 5/5 ---
  Top 5 suggestions (EI):
    1. PP-LMW (acq=0.0120, μ=0.443, σ=0.385)
    2. LDPE (acq=0.0120, μ=0.443, σ=0.385)
    3. HDPE (acq=0.0120, μ=0.443, σ=0.385)
  ✓ Tested: PP-LMW → score = 0.529
  Current best: PS (1.000)

======================================================================
CAMPAIGN COMPLETE
======================================================================
Best found: PS (1.000)
True best:  PS (1.000)
Efficiency: Found rank 1 / 9
[OK] Saved: al_sweep_results/temp_25C/method_versatility/acq_ei/temp25_ei_versatility_iter5/results/learning_curve.png

Done! Check 'al_sweep_results/temp_25C/method_versatility/acq_ei/temp25_ei_versatility_iter5/results/' for results.
