======================================================================
ACTIVE LEARNING WITH REAL SOLUBILITY DATA
======================================================================

[1/5] Loading solubility data from REF-DATA...
[INFO] Loading multiple CSV files from directory: REF-DATA
  Loading: COMMON-solvents-PP-LMW.csv
    Extracted polymer name from filename: PP-LMW
  Loading: COMMON-solvents-EVOH.csv
    Extracted polymer name from filename: EVOH
  Loading: COMMON-solvents-PET.csv
    Extracted polymer name from filename: PET
  Loading: COMMON-solvents-LDPE.csv
    Extracted polymer name from filename: LDPE
  Loading: COMMON-solvents-PVC.csv
    Extracted polymer name from filename: PVC
  Loading: COMMON-solvents-HDPE.csv
    Extracted polymer name from filename: HDPE
  Loading: COMMON-solvents-nylon66.csv
    Extracted polymer name from filename: nylon66
  Loading: COMMON-solvents-PS.csv
  Loading: COMMON-solvents-PC.csv
    Extracted polymer name from filename: PC
[INFO] Loaded 9 files, 8820 total rows
      Data shape: (8820, 4)
      Polymers: 9
      Solvents: 32
      Temperature range: 25.0 - 160.0°C

      Filtering to temperature = 100.0°C...
      Using temperature: 100°C
      Filtered data shape: (315, 4)

[2/5] Computing solubility scores (method='versatility')...
      Score range: [0.23, 1.61]
      Top 3 polymers:
        PS: 1.61
        PP-LMW: 1.36
        PVC: 1.33

[3/5] Building polymer feature database...
      Polymers with features: 9

[4/5] Computing molecular features...
[INFO] PCA: 8 components, 100.0% variance
      Feature matrix: (9, 8)

[5/5] Starting active learning campaign...

--- Initial Random Sampling (2 polymers) ---
  ✓ PET: score = 0.089
  ✓ PVC: score = 0.801

--- Iteration 1/8 ---
  Top 5 suggestions (EI):
    1. nylon66 (acq=0.0281, μ=0.445, σ=0.356)
    2. EVOH (acq=0.0281, μ=0.445, σ=0.356)
    3. PC (acq=0.0281, μ=0.445, σ=0.356)
    4. PS (acq=0.0281, μ=0.445, σ=0.356)
    5. PP-LMW (acq=0.0281, μ=0.445, σ=0.356)
  ✓ Tested: nylon66 → score = 0.000
  Current best: PVC (0.801)

--- Iteration 2/8 ---
  Top 5 suggestions (EI):
    1. EVOH (acq=0.0122, μ=0.297, σ=0.359)
    2. PC (acq=0.0122, μ=0.297, σ=0.359)
    3. PS (acq=0.0122, μ=0.297, σ=0.359)
    4. PP-LMW (acq=0.0122, μ=0.297, σ=0.359)
    5. LDPE (acq=0.0122, μ=0.297, σ=0.359)
  ✓ Tested: EVOH → score = 0.261
  Current best: PVC (0.801)
[OK] Saved: al_sweep_results/temp_100C/method_versatility/acq_ei/temp100_ei_versatility/results/gp_predictions_iter02.png

--- Iteration 3/8 ---
  Top 5 suggestions (EI):
    1. PC (acq=0.0059, μ=0.288, σ=0.311)
    2. PS (acq=0.0059, μ=0.288, σ=0.311)
    3. PP-LMW (acq=0.0059, μ=0.288, σ=0.311)
    4. LDPE (acq=0.0059, μ=0.288, σ=0.311)
    5. HDPE (acq=0.0059, μ=0.288, σ=0.311)
  ✓ Tested: PC → score = 0.501
  Current best: PVC (0.801)

--- Iteration 4/8 ---
  Top 5 suggestions (EI):
    1. PS (acq=0.0060, μ=0.331, σ=0.291)
    2. PP-LMW (acq=0.0060, μ=0.331, σ=0.291)
    3. LDPE (acq=0.0060, μ=0.331, σ=0.291)
    4. HDPE (acq=0.0060, μ=0.331, σ=0.291)
  ✓ Tested: PS → score = 1.000
  Current best: PS (1.000)
[OK] Saved: al_sweep_results/temp_100C/method_versatility/acq_ei/temp100_ei_versatility/results/gp_predictions_iter04.png

--- Iteration 5/8 ---
  Top 5 suggestions (EI):
    1. PP-LMW (acq=0.0093, μ=0.442, σ=0.364)
    2. LDPE (acq=0.0093, μ=0.442, σ=0.364)
    3. HDPE (acq=0.0093, μ=0.442, σ=0.364)
  ✓ Tested: PP-LMW → score = 0.818
  Current best: PS (1.000)

--- Iteration 6/8 ---
  Top 5 suggestions (EI):
    1. LDPE (acq=0.0127, μ=0.496, σ=0.362)
    2. HDPE (acq=0.0127, μ=0.496, σ=0.362)
  ✓ Tested: LDPE → score = 0.657
  Current best: PS (1.000)
[OK] Saved: al_sweep_results/temp_100C/method_versatility/acq_ei/temp100_ei_versatility/results/gp_predictions_iter06.png

--- Iteration 7/8 ---
  Top 5 suggestions (EI):
    1. HDPE (acq=0.0000, μ=0.657, σ=0.002)
  ✓ Tested: HDPE → score = 0.121
  Current best: PS (1.000)

--- Iteration 8/8 ---
[WARN] All polymers have been tested!
  All polymers tested!

======================================================================
CAMPAIGN COMPLETE
======================================================================
Best found: PS (1.000)
True best:  PS (1.000)
Efficiency: Found rank 1 / 9
[OK] Saved: al_sweep_results/temp_100C/method_versatility/acq_ei/temp100_ei_versatility/results/learning_curve.png

Done! Check 'al_sweep_results/temp_100C/method_versatility/acq_ei/temp100_ei_versatility/results/' for results.
