======================================================================
ACTIVE LEARNING WITH REAL SOLUBILITY DATA
======================================================================

[1/5] Loading solubility data from REF-DATA...
[INFO] Loading multiple CSV files from directory: REF-DATA
  Loading: COMMON-solvents-PP-LMW.csv
    Extracted polymer name from filename: PP-LMW
  Loading: COMMON-solvents-EVOH.csv
    Extracted polymer name from filename: EVOH
  Loading: COMMON-solvents-PET.csv
    Extracted polymer name from filename: PET
  Loading: COMMON-solvents-LDPE.csv
    Extracted polymer name from filename: LDPE
  Loading: COMMON-solvents-PVC.csv
    Extracted polymer name from filename: PVC
  Loading: COMMON-solvents-HDPE.csv
    Extracted polymer name from filename: HDPE
  Loading: COMMON-solvents-nylon66.csv
    Extracted polymer name from filename: nylon66
  Loading: COMMON-solvents-PS.csv
  Loading: COMMON-solvents-PC.csv
    Extracted polymer name from filename: PC
[INFO] Loaded 9 files, 8820 total rows
      Data shape: (8820, 4)
      Polymers: 9
      Solvents: 32
      Temperature range: 25.0 - 160.0°C

      Filtering to temperature = 25.0°C...
      Using temperature: 25°C
      Filtered data shape: (315, 4)

[2/5] Computing solubility scores (method='versatility')...
      Score range: [0.00, 0.38]
      Top 3 polymers:
        PS: 0.38
        PVC: 0.34
        PP-LMW: 0.20

[3/5] Building polymer feature database...
      Polymers with features: 9

[4/5] Computing molecular features...
[INFO] PCA: 8 components, 100.0% variance
      Feature matrix: (9, 8)

[5/5] Starting active learning campaign...

--- Initial Random Sampling (2 polymers) ---
  ✓ PET: score = 0.029
  ✓ PC: score = 0.382

--- Iteration 1/10 ---
  Top 5 suggestions (EI):
    1. nylon66 (acq=0.0132, μ=0.205, σ=0.177)
    2. PS (acq=0.0132, μ=0.205, σ=0.177)
    3. PVC (acq=0.0132, μ=0.205, σ=0.177)
    4. PP-LMW (acq=0.0132, μ=0.205, σ=0.177)
    5. LDPE (acq=0.0132, μ=0.205, σ=0.177)
  ✓ Tested: nylon66 → score = 0.047
  Current best: PC (0.382)

--- Iteration 2/10 ---
  Top 5 suggestions (EI):
    1. PS (acq=0.0050, μ=0.153, σ=0.162)
    2. PP-LMW (acq=0.0050, μ=0.152, σ=0.162)
    3. HDPE (acq=0.0050, μ=0.152, σ=0.162)
    4. LDPE (acq=0.0050, μ=0.152, σ=0.162)
    5. PVC (acq=0.0050, μ=0.152, σ=0.162)
  ✓ Tested: PS → score = 1.000
  Current best: PS (1.000)
[OK] Saved: al_sweep_results/temp_25C/method_versatility/acq_ei/temp25_ei_versatility_iter10/results/gp_predictions_iter02.png

--- Iteration 3/10 ---
  Top 5 suggestions (EI):
    1. EVOH (acq=0.0082, μ=0.365, σ=0.393)
    2. PVC (acq=0.0082, μ=0.365, σ=0.393)
    3. PP-LMW (acq=0.0082, μ=0.365, σ=0.393)
    4. LDPE (acq=0.0082, μ=0.365, σ=0.393)
    5. HDPE (acq=0.0082, μ=0.365, σ=0.393)
  ✓ Tested: EVOH → score = 0.287
  Current best: PS (1.000)

--- Iteration 4/10 ---
  Top 5 suggestions (EI):
    1. PVC (acq=0.0042, μ=0.349, σ=0.353)
    2. PP-LMW (acq=0.0042, μ=0.349, σ=0.353)
    3. LDPE (acq=0.0042, μ=0.349, σ=0.353)
    4. HDPE (acq=0.0042, μ=0.349, σ=0.353)
  ✓ Tested: PVC → score = 0.915
  Current best: PS (1.000)
[OK] Saved: al_sweep_results/temp_25C/method_versatility/acq_ei/temp25_ei_versatility_iter10/results/gp_predictions_iter04.png

--- Iteration 5/10 ---
  Top 5 suggestions (EI):
    1. PP-LMW (acq=0.0120, μ=0.443, σ=0.385)
    2. LDPE (acq=0.0120, μ=0.443, σ=0.385)
    3. HDPE (acq=0.0120, μ=0.443, σ=0.385)
  ✓ Tested: PP-LMW → score = 0.529
  Current best: PS (1.000)

--- Iteration 6/10 ---
  Top 5 suggestions (EI):
    1. LDPE (acq=0.0094, μ=0.456, σ=0.358)
    2. HDPE (acq=0.0094, μ=0.456, σ=0.358)
  ✓ Tested: LDPE → score = 0.042
  Current best: PS (1.000)
[OK] Saved: al_sweep_results/temp_25C/method_versatility/acq_ei/temp25_ei_versatility_iter10/results/gp_predictions_iter06.png

--- Iteration 7/10 ---
  Top 5 suggestions (EI):
    1. HDPE (acq=0.0009, μ=0.241, σ=0.323)
  ✓ Tested: HDPE → score = 0.000
  Current best: PS (1.000)

--- Iteration 8/10 ---
[WARN] All polymers have been tested!
  All polymers tested!

======================================================================
CAMPAIGN COMPLETE
======================================================================
Best found: PS (1.000)
True best:  PS (1.000)
Efficiency: Found rank 1 / 9
[OK] Saved: al_sweep_results/temp_25C/method_versatility/acq_ei/temp25_ei_versatility_iter10/results/learning_curve.png

Done! Check 'al_sweep_results/temp_25C/method_versatility/acq_ei/temp25_ei_versatility_iter10/results/' for results.
