======================================================================
ACTIVE LEARNING WITH REAL SOLUBILITY DATA
======================================================================

[1/5] Loading solubility data from REF-DATA...
[INFO] Loading multiple CSV files from directory: REF-DATA
  Loading: COMMON-solvents-PP-LMW.csv
    Extracted polymer name from filename: PP-LMW
  Loading: COMMON-solvents-EVOH.csv
    Extracted polymer name from filename: EVOH
  Loading: COMMON-solvents-PET.csv
    Extracted polymer name from filename: PET
  Loading: COMMON-solvents-LDPE.csv
    Extracted polymer name from filename: LDPE
  Loading: COMMON-solvents-PVC.csv
    Extracted polymer name from filename: PVC
  Loading: COMMON-solvents-HDPE.csv
    Extracted polymer name from filename: HDPE
  Loading: COMMON-solvents-nylon66.csv
    Extracted polymer name from filename: nylon66
  Loading: COMMON-solvents-PS.csv
  Loading: COMMON-solvents-PC.csv
    Extracted polymer name from filename: PC
[INFO] Loaded 9 files, 8820 total rows
      Data shape: (8820, 4)
      Polymers: 9
      Solvents: 32
      Temperature range: 25.0 - 160.0°C

      Filtering to temperature = 25.0°C...
      Using temperature: 25°C
      Filtered data shape: (315, 4)

[2/5] Computing solubility scores (method='versatility')...
      Score range: [0.00, 0.38]
      Top 3 polymers:
        PS: 0.38
        PVC: 0.34
        PP-LMW: 0.20

[3/5] Building polymer feature database...
      Polymers with features: 9

[4/5] Computing molecular features...
[INFO] PCA: 8 components, 100.0% variance
      Feature matrix: (9, 8)

[5/5] Starting active learning campaign...

--- Initial Random Sampling (4 polymers) ---
  ✓ PVC: score = 0.915
  ✓ HDPE: score = 0.000
  ✓ LDPE: score = 0.042
  ✓ PP-LMW: score = 0.529

--- Iteration 1/8 ---
  Top 5 suggestions (EI):
    1. nylon66 (acq=0.0129, μ=0.372, σ=0.384)
    2. EVOH (acq=0.0129, μ=0.372, σ=0.384)
    3. PET (acq=0.0129, μ=0.372, σ=0.384)
    4. PC (acq=0.0129, μ=0.372, σ=0.384)
    5. PS (acq=0.0129, μ=0.372, σ=0.384)
  ✓ Tested: nylon66 → score = 0.047
  Current best: PVC (0.915)

--- Iteration 2/8 ---
  Top 5 suggestions (EI):
    1. EVOH (acq=0.0080, μ=0.307, σ=0.377)
    2. PET (acq=0.0080, μ=0.307, σ=0.377)
    3. PC (acq=0.0080, μ=0.307, σ=0.377)
    4. PS (acq=0.0080, μ=0.307, σ=0.377)
  ✓ Tested: EVOH → score = 0.287
  Current best: PVC (0.915)
[OK] Saved: al_sweep_results/temp_25C/method_versatility/acq_ei/temp25_ei_versatility_init4/results/gp_predictions_iter02.png

--- Iteration 3/8 ---
  Top 5 suggestions (EI):
    1. PET (acq=0.0044, μ=0.303, σ=0.338)
    2. PC (acq=0.0044, μ=0.303, σ=0.338)
    3. PS (acq=0.0044, μ=0.303, σ=0.338)
  ✓ Tested: PET → score = 0.029
  Current best: PVC (0.915)

--- Iteration 4/8 ---
  Top 5 suggestions (EI):
    1. PC (acq=0.0028, μ=0.264, σ=0.331)
    2. PS (acq=0.0028, μ=0.264, σ=0.331)
  ✓ Tested: PC → score = 0.382
  Current best: PVC (0.915)
[OK] Saved: al_sweep_results/temp_25C/method_versatility/acq_ei/temp25_ei_versatility_init4/results/gp_predictions_iter04.png

--- Iteration 5/8 ---
  Top 5 suggestions (EI):
    1. PS (acq=0.0020, μ=0.279, σ=0.307)
  ✓ Tested: PS → score = 1.000
  Current best: PS (1.000)

--- Iteration 6/8 ---
[WARN] All polymers have been tested!
  All polymers tested!

======================================================================
CAMPAIGN COMPLETE
======================================================================
Best found: PS (1.000)
True best:  PS (1.000)
Efficiency: Found rank 1 / 9
[OK] Saved: al_sweep_results/temp_25C/method_versatility/acq_ei/temp25_ei_versatility_init4/results/learning_curve.png

Done! Check 'al_sweep_results/temp_25C/method_versatility/acq_ei/temp25_ei_versatility_init4/results/' for results.
