======================================================================
ACTIVE LEARNING WITH REAL SOLUBILITY DATA
======================================================================

[1/5] Loading solubility data from REF-DATA...
[INFO] Loading multiple CSV files from directory: REF-DATA
  Loading: COMMON-solvents-PP-LMW.csv
    Extracted polymer name from filename: PP-LMW
  Loading: COMMON-solvents-EVOH.csv
    Extracted polymer name from filename: EVOH
  Loading: COMMON-solvents-PET.csv
    Extracted polymer name from filename: PET
  Loading: COMMON-solvents-LDPE.csv
    Extracted polymer name from filename: LDPE
  Loading: COMMON-solvents-PVC.csv
    Extracted polymer name from filename: PVC
  Loading: COMMON-solvents-HDPE.csv
    Extracted polymer name from filename: HDPE
  Loading: COMMON-solvents-nylon66.csv
    Extracted polymer name from filename: nylon66
  Loading: COMMON-solvents-PS.csv
  Loading: COMMON-solvents-PC.csv
    Extracted polymer name from filename: PC
[INFO] Loaded 9 files, 8820 total rows
      Data shape: (8820, 4)
      Polymers: 9
      Solvents: 32
      Temperature range: 25.0 - 160.0°C

      Filtering to temperature = 25.0°C...
      Using temperature: 25°C
      Filtered data shape: (315, 4)

[2/5] Computing solubility scores (method='versatility')...
      Score range: [0.00, 0.38]
      Top 3 polymers:
        PS: 0.38
        PVC: 0.34
        PP-LMW: 0.20

[3/5] Building polymer feature database...
      Polymers with features: 9

[4/5] Computing molecular features...
[INFO] PCA: 8 components, 100.0% variance
      Feature matrix: (9, 8)

[5/5] Starting active learning campaign...

--- Initial Random Sampling (2 polymers) ---
  ✓ HDPE: score = 0.000
  ✓ PP-LMW: score = 0.529

--- Iteration 1/8 ---
  Top 5 suggestions (EI):
    1. nylon66 (acq=0.0205, μ=0.265, σ=0.265)
    2. EVOH (acq=0.0205, μ=0.265, σ=0.265)
    3. PET (acq=0.0205, μ=0.265, σ=0.265)
    4. PC (acq=0.0205, μ=0.265, σ=0.265)
    5. PVC (acq=0.0205, μ=0.265, σ=0.265)
  ✓ Tested: nylon66 → score = 0.047
  Current best: PP-LMW (0.529)

--- Iteration 2/8 ---
  Top 5 suggestions (EI):
    1. EVOH (acq=0.0078, μ=0.192, σ=0.239)
    2. PET (acq=0.0078, μ=0.192, σ=0.239)
    3. PC (acq=0.0078, μ=0.192, σ=0.239)
    4. PVC (acq=0.0078, μ=0.192, σ=0.239)
    5. PS (acq=0.0078, μ=0.192, σ=0.239)
  ✓ Tested: EVOH → score = 0.287
  Current best: PP-LMW (0.529)
[OK] Saved: al_sweep_results/temp_25C/method_versatility/acq_ei/temp25_ei_versatility_init2/results/gp_predictions_iter02.png

--- Iteration 3/8 ---
  Top 5 suggestions (EI):
    1. PET (acq=0.0057, μ=0.216, σ=0.211)
    2. PC (acq=0.0057, μ=0.216, σ=0.211)
    3. PVC (acq=0.0057, μ=0.216, σ=0.211)
    4. PS (acq=0.0057, μ=0.216, σ=0.211)
    5. LDPE (acq=0.0000, μ=0.000, σ=0.008)
  ✓ Tested: PET → score = 0.029
  Current best: PP-LMW (0.529)

--- Iteration 4/8 ---
  Top 5 suggestions (EI):
    1. PC (acq=0.0031, μ=0.178, σ=0.203)
    2. PVC (acq=0.0031, μ=0.178, σ=0.203)
    3. PS (acq=0.0031, μ=0.178, σ=0.203)
    4. LDPE (acq=0.0000, μ=0.000, σ=0.005)
  ✓ Tested: PC → score = 0.382
  Current best: PP-LMW (0.529)
[OK] Saved: al_sweep_results/temp_25C/method_versatility/acq_ei/temp25_ei_versatility_init2/results/gp_predictions_iter04.png

--- Iteration 5/8 ---
  Top 5 suggestions (EI):
    1. PVC (acq=0.0043, μ=0.212, σ=0.200)
    2. PS (acq=0.0043, μ=0.212, σ=0.200)
    3. LDPE (acq=0.0000, μ=0.000, σ=0.011)
  ✓ Tested: PVC → score = 0.915
  Current best: PVC (0.915)

--- Iteration 6/8 ---
  Top 5 suggestions (EI):
    1. PS (acq=0.0027, μ=0.313, σ=0.308)
    2. LDPE (acq=0.0000, μ=0.000, σ=0.008)
  ✓ Tested: PS → score = 1.000
  Current best: PS (1.000)
[OK] Saved: al_sweep_results/temp_25C/method_versatility/acq_ei/temp25_ei_versatility_init2/results/gp_predictions_iter06.png

--- Iteration 7/8 ---
  Top 5 suggestions (EI):
    1. LDPE (acq=0.0009, μ=0.219, σ=0.328)
  ✓ Tested: LDPE → score = 0.042
  Current best: PS (1.000)

--- Iteration 8/8 ---
[WARN] All polymers have been tested!
  All polymers tested!

======================================================================
CAMPAIGN COMPLETE
======================================================================
Best found: PS (1.000)
True best:  PS (1.000)
Efficiency: Found rank 1 / 9
[OK] Saved: al_sweep_results/temp_25C/method_versatility/acq_ei/temp25_ei_versatility_init2/results/learning_curve.png

Done! Check 'al_sweep_results/temp_25C/method_versatility/acq_ei/temp25_ei_versatility_init2/results/' for results.
