======================================================================
ACTIVE LEARNING WITH REAL SOLUBILITY DATA
======================================================================

[1/5] Loading solubility data from REF-DATA...
[INFO] Loading multiple CSV files from directory: REF-DATA
  Loading: COMMON-solvents-PP-LMW.csv
    Extracted polymer name from filename: PP-LMW
  Loading: COMMON-solvents-EVOH.csv
    Extracted polymer name from filename: EVOH
  Loading: COMMON-solvents-PET.csv
    Extracted polymer name from filename: PET
  Loading: COMMON-solvents-LDPE.csv
    Extracted polymer name from filename: LDPE
  Loading: COMMON-solvents-PVC.csv
    Extracted polymer name from filename: PVC
  Loading: COMMON-solvents-HDPE.csv
    Extracted polymer name from filename: HDPE
  Loading: COMMON-solvents-nylon66.csv
    Extracted polymer name from filename: nylon66
  Loading: COMMON-solvents-PS.csv
  Loading: COMMON-solvents-PC.csv
    Extracted polymer name from filename: PC
[INFO] Loaded 9 files, 8820 total rows
      Data shape: (8820, 4)
      Polymers: 9
      Solvents: 32
      Temperature range: 25.0 - 160.0°C

      Filtering to temperature = 25.0°C...
      Using temperature: 25°C
      Filtered data shape: (315, 4)

[2/5] Computing solubility scores (method='versatility')...
      Score range: [0.00, 0.38]
      Top 3 polymers:
        PS: 0.38
        PVC: 0.34
        PP-LMW: 0.20

[3/5] Building polymer feature database...
      Polymers with features: 9

[4/5] Computing molecular features...
[INFO] PCA: 8 components, 100.0% variance
      Feature matrix: (9, 8)

[5/5] Starting active learning campaign...

--- Initial Random Sampling (1 polymers) ---
  ✓ HDPE: score = 0.000

--- Iteration 1/8 ---
  Top 5 suggestions (EI):
    1. nylon66 (acq=0.0083, μ=0.000, σ=0.032)
    2. PET (acq=0.0083, μ=0.000, σ=0.032)
    3. PC (acq=0.0083, μ=0.000, σ=0.032)
    4. PS (acq=0.0083, μ=0.000, σ=0.032)
    5. PVC (acq=0.0083, μ=0.000, σ=0.032)
  ✓ Tested: nylon66 → score = 0.047
  Current best: nylon66 (0.047)

--- Iteration 2/8 ---
  Top 5 suggestions (EI):
    1. EVOH (acq=0.0008, μ=0.024, σ=0.024)
    2. PET (acq=0.0008, μ=0.024, σ=0.024)
    3. PC (acq=0.0008, μ=0.024, σ=0.024)
    4. PVC (acq=0.0008, μ=0.024, σ=0.024)
    5. PS (acq=0.0008, μ=0.024, σ=0.024)
  ✓ Tested: EVOH → score = 0.287
  Current best: EVOH (0.287)
[OK] Saved: al_sweep_results/temp_25C/method_versatility/acq_ei/temp25_ei_versatility_init1/results/gp_predictions_iter02.png

--- Iteration 3/8 ---
  Top 5 suggestions (EI):
    1. PET (acq=0.0039, μ=0.111, σ=0.126)
    2. PC (acq=0.0039, μ=0.111, σ=0.126)
    3. PVC (acq=0.0039, μ=0.111, σ=0.126)
    4. PS (acq=0.0039, μ=0.111, σ=0.126)
    5. PP-LMW (acq=0.0039, μ=0.111, σ=0.126)
  ✓ Tested: PET → score = 0.029
  Current best: EVOH (0.287)

--- Iteration 4/8 ---
  Top 5 suggestions (EI):
    1. PC (acq=0.0016, μ=0.091, σ=0.114)
    2. PVC (acq=0.0016, μ=0.091, σ=0.114)
    3. PS (acq=0.0016, μ=0.091, σ=0.114)
    4. PP-LMW (acq=0.0016, μ=0.091, σ=0.114)
    5. LDPE (acq=0.0000, μ=0.000, σ=0.004)
  ✓ Tested: PC → score = 0.382
  Current best: PC (0.382)
[OK] Saved: al_sweep_results/temp_25C/method_versatility/acq_ei/temp25_ei_versatility_init1/results/gp_predictions_iter04.png

--- Iteration 5/8 ---
  Top 5 suggestions (EI):
    1. PVC (acq=0.0039, μ=0.149, σ=0.155)
    2. PS (acq=0.0039, μ=0.149, σ=0.155)
    3. PP-LMW (acq=0.0039, μ=0.149, σ=0.155)
    4. LDPE (acq=0.0026, μ=0.126, σ=0.153)
  ✓ Tested: PVC → score = 0.915
  Current best: PVC (0.915)

--- Iteration 6/8 ---
  Top 5 suggestions (EI):
    1. PS (acq=0.0025, μ=0.277, σ=0.319)
    2. PP-LMW (acq=0.0025, μ=0.277, σ=0.319)
    3. LDPE (acq=0.0000, μ=0.000, σ=0.016)
  ✓ Tested: PS → score = 1.000
  Current best: PS (1.000)
[OK] Saved: al_sweep_results/temp_25C/method_versatility/acq_ei/temp25_ei_versatility_init1/results/gp_predictions_iter06.png

--- Iteration 7/8 ---
  Top 5 suggestions (EI):
    1. PP-LMW (acq=0.0086, μ=0.380, σ=0.389)
    2. LDPE (acq=0.0000, μ=0.000, σ=0.010)
  ✓ Tested: PP-LMW → score = 0.529
  Current best: PS (1.000)

--- Iteration 8/8 ---
  Top 5 suggestions (EI):
    1. LDPE (acq=0.0009, μ=0.219, σ=0.328)
  ✓ Tested: LDPE → score = 0.042
  Current best: PS (1.000)
[OK] Saved: al_sweep_results/temp_25C/method_versatility/acq_ei/temp25_ei_versatility_init1/results/gp_predictions_iter08.png

======================================================================
CAMPAIGN COMPLETE
======================================================================
Best found: PS (1.000)
True best:  PS (1.000)
Efficiency: Found rank 1 / 9
[OK] Saved: al_sweep_results/temp_25C/method_versatility/acq_ei/temp25_ei_versatility_init1/results/learning_curve.png

Done! Check 'al_sweep_results/temp_25C/method_versatility/acq_ei/temp25_ei_versatility_init1/results/' for results.
