======================================================================
ACTIVE LEARNING WITH REAL SOLUBILITY DATA
======================================================================

[1/5] Loading solubility data from REF-DATA...
[INFO] Loading multiple CSV files from directory: REF-DATA
  Loading: COMMON-solvents-PP-LMW.csv
    Extracted polymer name from filename: PP-LMW
  Loading: COMMON-solvents-EVOH.csv
    Extracted polymer name from filename: EVOH
  Loading: COMMON-solvents-PET.csv
    Extracted polymer name from filename: PET
  Loading: COMMON-solvents-LDPE.csv
    Extracted polymer name from filename: LDPE
  Loading: COMMON-solvents-PVC.csv
    Extracted polymer name from filename: PVC
  Loading: COMMON-solvents-HDPE.csv
    Extracted polymer name from filename: HDPE
  Loading: COMMON-solvents-nylon66.csv
    Extracted polymer name from filename: nylon66
  Loading: COMMON-solvents-PS.csv
  Loading: COMMON-solvents-PC.csv
    Extracted polymer name from filename: PC
[INFO] Loaded 9 files, 8820 total rows
      Data shape: (8820, 4)
      Polymers: 9
      Solvents: 32
      Temperature range: 25.0 - 160.0°C

      Filtering to temperature = 50.0°C...
      Using temperature: 50°C
      Filtered data shape: (315, 4)

[2/5] Computing solubility scores (method='versatility')...
      Score range: [0.00, 0.75]
      Top 3 polymers:
        PS: 0.75
        PVC: 0.58
        PP-LMW: 0.40

[3/5] Building polymer feature database...
      Polymers with features: 9

[4/5] Computing molecular features...
[INFO] PCA: 8 components, 100.0% variance
      Feature matrix: (9, 8)

[5/5] Starting active learning campaign...

--- Initial Random Sampling (2 polymers) ---
  ✓ PC: score = 0.440
  ✓ PVC: score = 0.767

--- Iteration 1/8 ---
  Top 5 suggestions (EI):
    1. nylon66 (acq=0.0121, μ=0.603, σ=0.164)
    2. EVOH (acq=0.0121, μ=0.603, σ=0.164)
    3. PET (acq=0.0121, μ=0.603, σ=0.164)
    4. PS (acq=0.0121, μ=0.603, σ=0.164)
    5. PP-LMW (acq=0.0121, μ=0.603, σ=0.164)
  ✓ Tested: nylon66 → score = 0.044
  Current best: PVC (0.767)

--- Iteration 2/8 ---
  Top 5 suggestions (EI):
    1. EVOH (acq=0.0160, μ=0.417, σ=0.296)
    2. PET (acq=0.0160, μ=0.417, σ=0.296)
    3. PS (acq=0.0160, μ=0.417, σ=0.296)
    4. PP-LMW (acq=0.0160, μ=0.417, σ=0.296)
    5. LDPE (acq=0.0160, μ=0.417, σ=0.296)
  ✓ Tested: EVOH → score = 0.195
  Current best: PVC (0.767)
[OK] Saved: al_sweep_results/temp_50C/method_versatility/acq_ei/temp50_ei_versatility/results/gp_predictions_iter02.png

--- Iteration 3/8 ---
  Top 5 suggestions (EI):
    1. PET (acq=0.0077, μ=0.361, σ=0.274)
    2. PS (acq=0.0077, μ=0.361, σ=0.274)
    3. PP-LMW (acq=0.0077, μ=0.361, σ=0.274)
    4. LDPE (acq=0.0077, μ=0.361, σ=0.274)
    5. HDPE (acq=0.0077, μ=0.361, σ=0.274)
  ✓ Tested: PET → score = 0.060
  Current best: PVC (0.767)

--- Iteration 4/8 ---
  Top 5 suggestions (EI):
    1. PS (acq=0.0045, μ=0.301, σ=0.273)
    2. PP-LMW (acq=0.0045, μ=0.301, σ=0.273)
    3. LDPE (acq=0.0045, μ=0.301, σ=0.273)
    4. HDPE (acq=0.0045, μ=0.301, σ=0.273)
  ✓ Tested: PS → score = 1.000
  Current best: PS (1.000)
[OK] Saved: al_sweep_results/temp_50C/method_versatility/acq_ei/temp50_ei_versatility/results/gp_predictions_iter04.png

--- Iteration 5/8 ---
  Top 5 suggestions (EI):
    1. PP-LMW (acq=0.0075, μ=0.418, σ=0.360)
    2. LDPE (acq=0.0075, μ=0.418, σ=0.360)
    3. HDPE (acq=0.0075, μ=0.418, σ=0.360)
  ✓ Tested: PP-LMW → score = 0.536
  Current best: PS (1.000)

--- Iteration 6/8 ---
  Top 5 suggestions (EI):
    1. LDPE (acq=0.0060, μ=0.435, σ=0.336)
    2. HDPE (acq=0.0060, μ=0.435, σ=0.336)
  ✓ Tested: LDPE → score = 0.135
  Current best: PS (1.000)
[OK] Saved: al_sweep_results/temp_50C/method_versatility/acq_ei/temp50_ei_versatility/results/gp_predictions_iter06.png

--- Iteration 7/8 ---
  Top 5 suggestions (EI):
    1. HDPE (acq=0.0006, μ=0.279, σ=0.294)
  ✓ Tested: HDPE → score = 0.000
  Current best: PS (1.000)

--- Iteration 8/8 ---
[WARN] All polymers have been tested!
  All polymers tested!

======================================================================
CAMPAIGN COMPLETE
======================================================================
Best found: PS (1.000)
True best:  PS (1.000)
Efficiency: Found rank 1 / 9
[OK] Saved: al_sweep_results/temp_50C/method_versatility/acq_ei/temp50_ei_versatility/results/learning_curve.png

Done! Check 'al_sweep_results/temp_50C/method_versatility/acq_ei/temp50_ei_versatility/results/' for results.
